--- Startup times for process: Primary (or UI client) ---

times in msec
 clock   self+sourced   self:  sourced script
 clock   elapsed:              other lines

000.041  000.041: --- NVIM STARTING ---
000.205  000.164: event init
000.421  000.216: early init
010.283  009.861: locale set
010.331  000.048: init first window
011.125  000.794: inits 1
011.538  000.413: window checked
011.553  000.015: parsing arguments
012.484  000.481  000.481: require('vim._core.shared')
013.220  000.005  000.005: require('string.buffer')
013.248  000.232  000.228: require('vim.inspect')
013.520  000.262  000.262: require('vim._core.options')
013.525  001.032  000.538: require('vim._core.editor')
013.712  000.183  000.183: require('vim._core.system')
013.717  001.784  000.089: require('vim._init_packages')
013.726  000.389: init lua interpreter
018.832  005.106: nvim_ui_attach
019.143  000.310: nvim_set_client_info
019.161  000.019: --- NVIM STARTED ---

--- Startup times for process: Embedded ---

times in msec
 clock   self+sourced   self:  sourced script
 clock   elapsed:              other lines

000.006  000.006: --- NVIM STARTING ---
000.060  000.054: event init
000.152  000.093: early init
010.924  010.771: locale set
010.966  000.043: init first window
011.704  000.738: inits 1
011.743  000.039: window checked
011.756  000.013: parsing arguments
013.036  000.490  000.490: require('vim._core.shared')
013.763  000.004  000.004: require('string.buffer')
013.804  000.235  000.231: require('vim.inspect')
014.046  000.231  000.231: require('vim._core.options')
014.051  001.003  000.537: require('vim._core.editor')
014.203  000.148  000.148: require('vim._core.system')
014.207  001.785  000.145: require('vim._init_packages')
014.215  000.674: init lua interpreter
014.701  000.487: expanding arguments
014.729  000.027: inits 2
015.352  000.623: init highlight
015.355  000.003: waiting for UI
015.508  000.153: done waiting for UI
015.521  000.012: clear screen
016.189  000.040  000.040: require('vim.keymap')
017.047  000.296  000.296: sourcing nvim_exec2()
017.109  000.020  000.020: require('vim._core.log')
024.038  008.514  008.158: require('vim._core.defaults')
024.050  000.016: init default mappings & autocommands
024.991  000.104  000.104: sourcing C:\Program Files\Neovim\share\nvim\runtime\ftplugin.vim
025.188  000.045  000.045: sourcing C:\Program Files\Neovim\share\nvim\runtime\indent.vim
026.220  000.419  000.419: require('vim.fs')
026.496  000.268  000.268: require('vim.uri')
026.526  001.007  000.320: require('vim.loader')
028.620  000.665  000.665: require('vim.lsp.protocol')
028.690  000.830  000.165: require('vim.lsp.log')
029.072  000.147  000.147: require('vim._core.util')
029.108  000.411  000.264: require('vim.lsp.util')
029.463  000.152  000.152: require('vim.lsp.sync')
029.472  000.359  000.207: require('vim.lsp._changetracking')
029.719  000.104  000.104: require('vim.lsp._transport')
029.770  000.045  000.045: require('vim._core.stringbuffer')
029.805  000.328  000.179: require('vim.lsp.rpc')
029.865  002.262  000.334: require('vim.lsp')
030.145  000.023  000.023: require('vim.F')
030.186  000.310  000.287: require('vim.diagnostic')
030.230  003.599  001.027: require('settings.options')
030.375  000.141  000.141: require('settings.keymaps')
030.758  000.144  000.144: require('settings.autocmd')
030.893  000.128  000.128: require('lazy')
030.921  000.014  000.014: require('ffi')
031.031  000.104  000.104: require('lazy.stats')
031.273  000.124  000.124: require('lazy.core.util')
031.455  000.173  000.173: require('lazy.core.config')
031.758  000.169  000.169: require('lazy.core.handler')
032.441  000.207  000.207: require('lazy.pkg')
032.452  000.433  000.226: require('lazy.core.meta')
032.461  000.696  000.264: require('lazy.core.plugin')
032.472  001.010  000.145: require('lazy.core.loader')
032.854  000.110  000.110: require('lazy.core.fragments')
033.543  000.112  000.112: require('plugins.monokai')
033.755  000.150  000.150: require('plugins.utils')
033.998  000.196  000.196: require('plugins.nvim_tree')
034.182  000.120  000.120: require('plugins.treesitter')
034.413  000.183  000.183: require('plugins.lualine')
034.611  000.154  000.154: require('plugins.telescope')
034.861  000.207  000.207: require('plugins.mason')
035.121  000.216  000.216: require('plugins.formatter')
035.392  000.227  000.227: require('plugins.blink')
035.697  000.256  000.256: require('plugins.lsp')
035.900  000.158  000.158: require('plugins.git_signs')
036.068  000.121  000.121: require('plugins.luasnip')
037.160  000.123  000.123: require('lazy.core.handler.event')
037.170  000.261  000.137: require('lazy.core.handler.ft')
037.307  000.128  000.128: require('lazy.core.handler.keys')
037.442  000.124  000.124: require('lazy.core.handler.cmd')
037.590  000.011  000.011: sourcing nvim_exec2() called at C:\Users\Lenovo\AppData\Local\nvim\init.lua:0
037.633  000.003  000.003: sourcing nvim_exec2() called at C:\Users\Lenovo\AppData\Local\nvim\init.lua:0
038.430  000.475  000.475: sourcing nvim_exec2() called at C:\Program Files\Neovim\share/nvim/runtime/filetype.lua:0
038.439  000.620  000.145: sourcing C:\Program Files\Neovim\share/nvim/runtime/filetype.lua
038.452  000.747  000.127: sourcing nvim_exec2() called at C:\Users\Lenovo\AppData\Local\nvim\init.lua:0
038.593  000.004  000.004: sourcing nvim_exec2() called at C:\Users\Lenovo\AppData\Local\nvim\init.lua:0
038.616  000.002  000.002: sourcing nvim_exec2() called at C:\Users\Lenovo\AppData\Local\nvim\init.lua:0
039.260  000.638  000.638: require('monokai-v2')
039.598  000.179  000.179: require('monokai-v2.util')
039.614  000.348  000.169: require('monokai-v2.config')
039.801  000.135  000.135: require('monokai-v2.cache')
047.539  003.435  003.435: sourcing C:\Users\Lenovo\AppData\Local\nvim-data\lazy\monokai-v2.nvim\colors\monokai-v2.lua
047.628  007.199  003.764: sourcing nvim_exec2() called at C:\Users\Lenovo\AppData\Local\nvim\init.lua:0
049.229  000.143  000.143: require('vim.treesitter.language')
049.353  000.116  000.116: require('vim.func')
049.513  000.142  000.142: require('vim.treesitter._range')
049.611  000.087  000.087: require('vim.func._memoize')
049.676  000.704  000.215: require('vim.treesitter.query')
049.691  001.169  000.465: require('vim.treesitter.languagetree')
049.699  001.461  000.291: require('vim.treesitter')
049.805  001.882  000.422: sourcing C:/Users/Lenovo/AppData/Local/nvim-data/lazy/nvim-treesitter/plugin/filetypes.lua
049.820  001.988  000.106: sourcing nvim_exec2() called at C:\Users\Lenovo\AppData\Local\nvim\init.lua:0
050.050  000.117  000.117: sourcing C:/Users/Lenovo/AppData/Local/nvim-data/lazy/nvim-treesitter/plugin/nvim-treesitter.lua
050.062  000.232  000.115: sourcing nvim_exec2() called at C:\Users\Lenovo\AppData\Local\nvim\init.lua:0
050.224  000.072  000.072: sourcing C:/Users/Lenovo/AppData/Local/nvim-data/lazy/nvim-treesitter/plugin/query_predicates.lua
050.240  000.170  000.097: sourcing nvim_exec2() called at C:\Users\Lenovo\AppData\Local\nvim\init.lua:0
050.250  000.003  000.003: sourcing nvim_exec2() called at C:\Users\Lenovo\AppData\Local\nvim\init.lua:0
050.279  000.002  000.002: sourcing nvim_exec2() called at C:\Users\Lenovo\AppData\Local\nvim\init.lua:0
050.868  000.583  000.583: require('nvim-treesitter')
050.987  000.112  000.112: require('nvim-treesitter.config')
051.236  000.116  000.116: require('nvim-treesitter.async')
051.352  000.110  000.110: require('nvim-treesitter.log')
051.678  000.320  000.320: require('nvim-treesitter.parsers')
051.799  000.115  000.115: require('nvim-treesitter.util')
051.810  000.814  000.153: require('nvim-treesitter.install')
052.114  000.299  000.299: require('nvim-treesitter.parsers')
053.402  000.750  000.750: require('nvim-tree.commands')
053.554  001.004  000.254: sourcing C:/Users/Lenovo/AppData/Local/nvim-data/lazy/nvim-tree.lua/plugin/nvim-tree.lua
053.569  001.101  000.097: sourcing nvim_exec2() called at C:\Users\Lenovo\AppData\Local\nvim\init.lua:0
053.584  000.003  000.003: sourcing nvim_exec2() called at C:\Users\Lenovo\AppData\Local\nvim\init.lua:0
053.616  000.002  000.002: sourcing nvim_exec2() called at C:\Users\Lenovo\AppData\Local\nvim\init.lua:0
053.752  000.129  000.129: require('nvim-tree')
053.948  000.094  000.094: require('nvim-tree._meta.api.appearance')
054.062  000.107  000.107: require('nvim-tree._meta.api.commands')
054.151  000.084  000.084: require('nvim-tree._meta.api.config')
054.240  000.084  000.084: require('nvim-tree._meta.api.events')
054.333  000.087  000.087: require('nvim-tree._meta.api.filter')
054.432  000.094  000.094: require('nvim-tree._meta.api.fs')
054.541  000.101  000.101: require('nvim-tree._meta.api.git')
054.629  000.083  000.083: require('nvim-tree._meta.api.map')
054.719  000.085  000.085: require('nvim-tree._meta.api.marks')
054.830  000.106  000.106: require('nvim-tree._meta.api.node')
055.007  000.172  000.172: require('nvim-tree._meta.api.tree')
055.390  000.163  000.163: require('nvim-tree.classic')
055.399  000.376  000.213: require('nvim-tree._meta.api.decorator')
055.556  000.152  000.152: require('nvim-tree._meta.api.deprecated')
056.009  000.306  000.306: require('nvim-tree.api.impl')
056.391  000.209  000.209: require('nvim-tree.renderer.decorator')
056.532  000.134  000.134: require('nvim-tree.legacy')
056.539  002.778  000.502: require('nvim-tree.api')
056.761  000.218  000.218: require('nvim-tree.appearance')
057.684  000.650  000.650: require('nvim-tree.config')
057.691  000.925  000.274: require('nvim-tree.autocmd')
057.841  000.146  000.146: require('nvim-tree.log')
057.953  000.105  000.105: require('nvim-tree.view-state')
058.672  000.004  000.004: sourcing nvim_exec2() called at C:\Users\Lenovo\AppData\Local\nvim\init.lua:0
058.696  000.002  000.002: sourcing nvim_exec2() called at C:\Users\Lenovo\AppData\Local\nvim\init.lua:0
059.912  000.123  000.123: require('fidget.spinner.patterns')
059.919  000.225  000.102: require('fidget.spinner')
060.099  000.097  000.097: require('fidget.health')
060.105  000.180  000.083: require('fidget.options')
060.127  000.513  000.108: require('fidget.progress.display')
060.337  000.119  000.119: require('fidget.logger')
060.630  000.153  000.153: require('vim.lsp.completion')
060.675  000.329  000.176: require('vim.lsp.handlers')
060.683  000.552  000.104: require('fidget.progress.lsp')
061.149  000.126  000.126: require('fidget.poll')
061.156  000.219  000.092: require('fidget.notification.model')
061.289  000.129  000.129: require('fidget.notification.window')
061.385  000.090  000.090: require('fidget.notification.view')
061.396  000.581  000.143: require('fidget.notification')
061.401  000.714  000.133: require('fidget.progress.handle')
061.411  001.887  000.108: require('fidget.progress')
061.513  000.097  000.097: require('fidget.commands')
061.521  002.696  000.711: require('fidget')
062.095  000.125  000.125: sourcing C:\Program Files\Neovim\share/nvim/runtime/plugin/editorconfig.lua
062.113  000.257  000.132: sourcing nvim_exec2() called at C:\Users\Lenovo\AppData\Local\nvim\init.lua:0
062.317  000.092  000.092: sourcing C:\Program Files\Neovim\share/nvim/runtime/plugin/man.lua
062.329  000.192  000.100: sourcing nvim_exec2() called at C:\Users\Lenovo\AppData\Local\nvim\init.lua:0
062.574  000.138  000.138: sourcing C:\Program Files\Neovim\share/nvim/runtime/plugin/net.lua
062.585  000.233  000.095: sourcing nvim_exec2() called at C:\Users\Lenovo\AppData\Local\nvim\init.lua:0
062.914  000.234  000.234: sourcing C:\Program Files\Neovim\share/nvim/runtime/plugin/osc52.lua
062.933  000.340  000.105: sourcing nvim_exec2() called at C:\Users\Lenovo\AppData\Local\nvim\init.lua:0
063.142  000.109  000.109: sourcing C:\Program Files\Neovim\share/nvim/runtime/plugin/shada.lua
063.154  000.211  000.102: sourcing nvim_exec2() called at C:\Users\Lenovo\AppData\Local\nvim\init.lua:0
063.327  000.075  000.075: sourcing C:\Program Files\Neovim\share/nvim/runtime/plugin/spellfile.lua
063.339  000.176  000.101: sourcing nvim_exec2() called at C:\Users\Lenovo\AppData\Local\nvim\init.lua:0
063.497  038.075  006.102: sourcing C:\Users\Lenovo\AppData\Local\nvim\init.lua
063.542  001.268: sourcing vimrc file(s)
063.874  000.077  000.077: sourcing C:\Program Files\Neovim\share\nvim\runtime\filetype.lua
064.665  000.114  000.114: sourcing C:\Program Files\Neovim\share\nvim\runtime\syntax\synload.vim
064.816  000.517  000.403: sourcing C:\Program Files\Neovim\share/nvim/runtime/syntax/syntax.vim
064.866  000.730: inits 3
064.931  000.065: opening buffers
065.184  000.121  000.121: require('nvim-tree.utils')
065.196  000.144: BufEnter autocommands
065.202  000.005: editing files in windows
065.259  000.058: VimEnter autocommands
065.424  000.165: UIEnter autocommands
066.363  000.939: before starting main loop
067.227  000.864: first screen update
067.232  000.005: --- NVIM STARTED ---

